{"timestamp":"2025-08-23T17:00:12.260076","level":"info","event":"Filling up the DagBag from /opt/airflow/dags/reddit_sentiment_dag.py","logger":"airflow.models.dagbag.DagBag"}
{"timestamp":"2025-08-23T17:00:13.622893Z","level":"info","event":"[INFO] Đang thu thập dữ liệu từ r/Vietnam","chan":"stdout","logger":"processor"}
{"timestamp":"2025-08-23T17:00:13.660859Z","level":"info","event":"[ERROR] Lỗi khi thu thập dữ liệu từ r/Vietnam: received 401 HTTP response","chan":"stdout","logger":"processor"}
{"timestamp":"2025-08-23T17:00:13.671612Z","level":"info","event":"[INFO] Đang thu thập dữ liệu từ r/technology","chan":"stdout","logger":"processor"}
{"timestamp":"2025-08-23T17:00:14.545187Z","level":"info","event":"[ERROR] Lỗi khi thu thập dữ liệu từ r/technology: received 401 HTTP response","chan":"stdout","logger":"processor"}
{"timestamp":"2025-08-23T17:00:14.546438Z","level":"info","event":"[INFO] Đang thu thập dữ liệu từ r/worldnews","chan":"stdout","logger":"processor"}
{"timestamp":"2025-08-23T17:00:14.987610Z","level":"info","event":"[ERROR] Lỗi khi thu thập dữ liệu từ r/worldnews: received 401 HTTP response","chan":"stdout","logger":"processor"}
{"timestamp":"2025-08-23T17:00:14.998797Z","level":"info","event":"[INFO] Đang thu thập dữ liệu từ r/science","chan":"stdout","logger":"processor"}
{"timestamp":"2025-08-23T17:00:15.373272Z","level":"info","event":"[ERROR] Lỗi khi thu thập dữ liệu từ r/science: received 401 HTTP response","chan":"stdout","logger":"processor"}
{"timestamp":"2025-08-23T17:00:15.387947Z","level":"info","event":"[INFO] Dữ liệu đã được lưu tạm vào /opt/airflow/src/tmp/temp_ingest_data.json","chan":"stdout","logger":"processor"}
{"timestamp":"2025-08-23T17:00:15.390755","level":"error","event":"Failed to import: /opt/airflow/dags/reddit_sentiment_dag.py","logger":"airflow.models.dagbag.DagBag","error_detail":[{"exc_type":"AirflowException","exc_value":"`python_callable` param must be callable","exc_notes":[],"syntax_error":null,"is_cause":false,"frames":[{"filename":"/home/airflow/.local/lib/python3.12/site-packages/airflow/models/dagbag.py","lineno":394,"name":"parse"},{"filename":"<frozen importlib._bootstrap_external>","lineno":999,"name":"exec_module"},{"filename":"<frozen importlib._bootstrap>","lineno":488,"name":"_call_with_frames_removed"},{"filename":"/opt/airflow/dags/reddit_sentiment_dag.py","lineno":36,"name":"<module>"},{"filename":"/home/airflow/.local/lib/python3.12/site-packages/airflow/sdk/bases/operator.py","lineno":502,"name":"apply_defaults"},{"filename":"/home/airflow/.local/lib/python3.12/site-packages/airflow/providers/standard/operators/python.py","lineno":189,"name":"__init__"}],"is_group":false,"exceptions":[]}]}
{"timestamp":"2025-08-23T17:00:46.016376","level":"info","event":"Filling up the DagBag from /opt/airflow/dags/reddit_sentiment_dag.py","logger":"airflow.models.dagbag.DagBag"}
{"timestamp":"2025-08-23T17:00:46.320817Z","level":"info","event":"[INFO] Đang thu thập dữ liệu từ r/Vietnam","chan":"stdout","logger":"processor"}
{"timestamp":"2025-08-23T17:00:46.839737Z","level":"info","event":"[ERROR] Lỗi khi thu thập dữ liệu từ r/Vietnam: received 401 HTTP response","chan":"stdout","logger":"processor"}
{"timestamp":"2025-08-23T17:00:46.867076Z","level":"info","event":"[INFO] Đang thu thập dữ liệu từ r/technology","chan":"stdout","logger":"processor"}
{"timestamp":"2025-08-23T17:00:48.742759Z","level":"info","event":"[ERROR] Lỗi khi thu thập dữ liệu từ r/technology: received 401 HTTP response","chan":"stdout","logger":"processor"}
{"timestamp":"2025-08-23T17:00:48.753925Z","level":"info","event":"[INFO] Đang thu thập dữ liệu từ r/worldnews","chan":"stdout","logger":"processor"}
{"timestamp":"2025-08-23T17:00:49.167158Z","level":"info","event":"[ERROR] Lỗi khi thu thập dữ liệu từ r/worldnews: received 401 HTTP response","chan":"stdout","logger":"processor"}
{"timestamp":"2025-08-23T17:00:49.177166Z","level":"info","event":"[INFO] Đang thu thập dữ liệu từ r/science","chan":"stdout","logger":"processor"}
{"timestamp":"2025-08-23T17:00:49.577686Z","level":"info","event":"[ERROR] Lỗi khi thu thập dữ liệu từ r/science: received 401 HTTP response","chan":"stdout","logger":"processor"}
{"timestamp":"2025-08-23T17:00:49.586148Z","level":"info","event":"[INFO] Dữ liệu đã được lưu tạm vào /opt/airflow/src/tmp/temp_ingest_data.json","chan":"stdout","logger":"processor"}
{"timestamp":"2025-08-23T17:00:49.586267","level":"error","event":"Failed to import: /opt/airflow/dags/reddit_sentiment_dag.py","logger":"airflow.models.dagbag.DagBag","error_detail":[{"exc_type":"AirflowException","exc_value":"`python_callable` param must be callable","exc_notes":[],"syntax_error":null,"is_cause":false,"frames":[{"filename":"/home/airflow/.local/lib/python3.12/site-packages/airflow/models/dagbag.py","lineno":394,"name":"parse"},{"filename":"<frozen importlib._bootstrap_external>","lineno":999,"name":"exec_module"},{"filename":"<frozen importlib._bootstrap>","lineno":488,"name":"_call_with_frames_removed"},{"filename":"/opt/airflow/dags/reddit_sentiment_dag.py","lineno":36,"name":"<module>"},{"filename":"/home/airflow/.local/lib/python3.12/site-packages/airflow/sdk/bases/operator.py","lineno":502,"name":"apply_defaults"},{"filename":"/home/airflow/.local/lib/python3.12/site-packages/airflow/providers/standard/operators/python.py","lineno":189,"name":"__init__"}],"is_group":false,"exceptions":[]}]}
{"timestamp":"2025-08-23T17:01:20.111776","level":"info","event":"Filling up the DagBag from /opt/airflow/dags/reddit_sentiment_dag.py","logger":"airflow.models.dagbag.DagBag"}
{"timestamp":"2025-08-23T17:01:20.418643Z","level":"info","event":"[INFO] Đang thu thập dữ liệu từ r/Vietnam","chan":"stdout","logger":"processor"}
{"timestamp":"2025-08-23T17:01:21.084913Z","level":"info","event":"[ERROR] Lỗi khi thu thập dữ liệu từ r/Vietnam: received 401 HTTP response","chan":"stdout","logger":"processor"}
{"timestamp":"2025-08-23T17:01:21.094417Z","level":"info","event":"[INFO] Đang thu thập dữ liệu từ r/technology","chan":"stdout","logger":"processor"}
{"timestamp":"2025-08-23T17:01:21.501517Z","level":"info","event":"[ERROR] Lỗi khi thu thập dữ liệu từ r/technology: received 401 HTTP response","chan":"stdout","logger":"processor"}
{"timestamp":"2025-08-23T17:01:21.520741Z","level":"info","event":"[INFO] Đang thu thập dữ liệu từ r/worldnews","chan":"stdout","logger":"processor"}
{"timestamp":"2025-08-23T17:01:21.907065Z","level":"info","event":"[ERROR] Lỗi khi thu thập dữ liệu từ r/worldnews: received 401 HTTP response","chan":"stdout","logger":"processor"}
{"timestamp":"2025-08-23T17:01:21.907828Z","level":"info","event":"[INFO] Đang thu thập dữ liệu từ r/science","chan":"stdout","logger":"processor"}
{"timestamp":"2025-08-23T17:01:22.283642Z","level":"info","event":"[ERROR] Lỗi khi thu thập dữ liệu từ r/science: received 401 HTTP response","chan":"stdout","logger":"processor"}
{"timestamp":"2025-08-23T17:01:22.294153Z","level":"info","event":"[INFO] Dữ liệu đã được lưu tạm vào /opt/airflow/src/tmp/temp_ingest_data.json","chan":"stdout","logger":"processor"}
{"timestamp":"2025-08-23T17:01:22.293320","level":"error","event":"Failed to import: /opt/airflow/dags/reddit_sentiment_dag.py","logger":"airflow.models.dagbag.DagBag","error_detail":[{"exc_type":"AirflowException","exc_value":"`python_callable` param must be callable","exc_notes":[],"syntax_error":null,"is_cause":false,"frames":[{"filename":"/home/airflow/.local/lib/python3.12/site-packages/airflow/models/dagbag.py","lineno":394,"name":"parse"},{"filename":"<frozen importlib._bootstrap_external>","lineno":999,"name":"exec_module"},{"filename":"<frozen importlib._bootstrap>","lineno":488,"name":"_call_with_frames_removed"},{"filename":"/opt/airflow/dags/reddit_sentiment_dag.py","lineno":36,"name":"<module>"},{"filename":"/home/airflow/.local/lib/python3.12/site-packages/airflow/sdk/bases/operator.py","lineno":502,"name":"apply_defaults"},{"filename":"/home/airflow/.local/lib/python3.12/site-packages/airflow/providers/standard/operators/python.py","lineno":189,"name":"__init__"}],"is_group":false,"exceptions":[]}]}
{"timestamp":"2025-08-23T17:01:52.824180","level":"info","event":"Filling up the DagBag from /opt/airflow/dags/reddit_sentiment_dag.py","logger":"airflow.models.dagbag.DagBag"}
{"timestamp":"2025-08-23T17:01:53.083716Z","level":"info","event":"[INFO] Đang thu thập dữ liệu từ r/Vietnam","chan":"stdout","logger":"processor"}
{"timestamp":"2025-08-23T17:01:53.591354Z","level":"info","event":"[ERROR] Lỗi khi thu thập dữ liệu từ r/Vietnam: received 401 HTTP response","chan":"stdout","logger":"processor"}
{"timestamp":"2025-08-23T17:01:53.600974Z","level":"info","event":"[INFO] Đang thu thập dữ liệu từ r/technology","chan":"stdout","logger":"processor"}
{"timestamp":"2025-08-23T17:01:53.976694Z","level":"info","event":"[ERROR] Lỗi khi thu thập dữ liệu từ r/technology: received 401 HTTP response","chan":"stdout","logger":"processor"}
{"timestamp":"2025-08-23T17:01:54.008501Z","level":"info","event":"[INFO] Đang thu thập dữ liệu từ r/worldnews","chan":"stdout","logger":"processor"}
{"timestamp":"2025-08-23T17:01:54.398972Z","level":"info","event":"[ERROR] Lỗi khi thu thập dữ liệu từ r/worldnews: received 401 HTTP response","chan":"stdout","logger":"processor"}
{"timestamp":"2025-08-23T17:01:54.410083Z","level":"info","event":"[INFO] Đang thu thập dữ liệu từ r/science","chan":"stdout","logger":"processor"}
{"timestamp":"2025-08-23T17:01:54.780160Z","level":"info","event":"[ERROR] Lỗi khi thu thập dữ liệu từ r/science: received 401 HTTP response","chan":"stdout","logger":"processor"}
{"timestamp":"2025-08-23T17:01:54.792224Z","level":"info","event":"[INFO] Dữ liệu đã được lưu tạm vào /opt/airflow/src/tmp/temp_ingest_data.json","chan":"stdout","logger":"processor"}
{"timestamp":"2025-08-23T17:01:54.793541","level":"error","event":"Failed to import: /opt/airflow/dags/reddit_sentiment_dag.py","logger":"airflow.models.dagbag.DagBag","error_detail":[{"exc_type":"AirflowException","exc_value":"`python_callable` param must be callable","exc_notes":[],"syntax_error":null,"is_cause":false,"frames":[{"filename":"/home/airflow/.local/lib/python3.12/site-packages/airflow/models/dagbag.py","lineno":394,"name":"parse"},{"filename":"<frozen importlib._bootstrap_external>","lineno":999,"name":"exec_module"},{"filename":"<frozen importlib._bootstrap>","lineno":488,"name":"_call_with_frames_removed"},{"filename":"/opt/airflow/dags/reddit_sentiment_dag.py","lineno":36,"name":"<module>"},{"filename":"/home/airflow/.local/lib/python3.12/site-packages/airflow/sdk/bases/operator.py","lineno":502,"name":"apply_defaults"},{"filename":"/home/airflow/.local/lib/python3.12/site-packages/airflow/providers/standard/operators/python.py","lineno":189,"name":"__init__"}],"is_group":false,"exceptions":[]}]}
{"timestamp":"2025-08-23T17:02:25.367396","level":"info","event":"Filling up the DagBag from /opt/airflow/dags/reddit_sentiment_dag.py","logger":"airflow.models.dagbag.DagBag"}
{"timestamp":"2025-08-23T17:02:25.633937Z","level":"info","event":"[INFO] Đang thu thập dữ liệu từ r/Vietnam","chan":"stdout","logger":"processor"}
{"timestamp":"2025-08-23T17:02:26.134540Z","level":"info","event":"[ERROR] Lỗi khi thu thập dữ liệu từ r/Vietnam: received 401 HTTP response","chan":"stdout","logger":"processor"}
{"timestamp":"2025-08-23T17:02:26.161614Z","level":"info","event":"[INFO] Đang thu thập dữ liệu từ r/technology","chan":"stdout","logger":"processor"}
{"timestamp":"2025-08-23T17:02:26.546666Z","level":"info","event":"[ERROR] Lỗi khi thu thập dữ liệu từ r/technology: received 401 HTTP response","chan":"stdout","logger":"processor"}
{"timestamp":"2025-08-23T17:02:26.560483Z","level":"info","event":"[INFO] Đang thu thập dữ liệu từ r/worldnews","chan":"stdout","logger":"processor"}
{"timestamp":"2025-08-23T17:02:26.943442Z","level":"info","event":"[ERROR] Lỗi khi thu thập dữ liệu từ r/worldnews: received 401 HTTP response","chan":"stdout","logger":"processor"}
{"timestamp":"2025-08-23T17:02:26.944073Z","level":"info","event":"[INFO] Đang thu thập dữ liệu từ r/science","chan":"stdout","logger":"processor"}
{"timestamp":"2025-08-23T17:02:27.330150Z","level":"info","event":"[ERROR] Lỗi khi thu thập dữ liệu từ r/science: received 401 HTTP response","chan":"stdout","logger":"processor"}
{"timestamp":"2025-08-23T17:02:27.343095Z","level":"info","event":"[INFO] Dữ liệu đã được lưu tạm vào /opt/airflow/src/tmp/temp_ingest_data.json","chan":"stdout","logger":"processor"}
{"timestamp":"2025-08-23T17:02:27.343201","level":"error","event":"Failed to import: /opt/airflow/dags/reddit_sentiment_dag.py","logger":"airflow.models.dagbag.DagBag","error_detail":[{"exc_type":"AirflowException","exc_value":"`python_callable` param must be callable","exc_notes":[],"syntax_error":null,"is_cause":false,"frames":[{"filename":"/home/airflow/.local/lib/python3.12/site-packages/airflow/models/dagbag.py","lineno":394,"name":"parse"},{"filename":"<frozen importlib._bootstrap_external>","lineno":999,"name":"exec_module"},{"filename":"<frozen importlib._bootstrap>","lineno":488,"name":"_call_with_frames_removed"},{"filename":"/opt/airflow/dags/reddit_sentiment_dag.py","lineno":36,"name":"<module>"},{"filename":"/home/airflow/.local/lib/python3.12/site-packages/airflow/sdk/bases/operator.py","lineno":502,"name":"apply_defaults"},{"filename":"/home/airflow/.local/lib/python3.12/site-packages/airflow/providers/standard/operators/python.py","lineno":189,"name":"__init__"}],"is_group":false,"exceptions":[]}]}
{"timestamp":"2025-08-23T17:02:48.761856","level":"info","event":"Filling up the DagBag from /opt/airflow/dags/reddit_sentiment_dag.py","logger":"airflow.models.dagbag.DagBag"}
{"timestamp":"2025-08-23T17:02:49.125854Z","level":"info","event":"[INFO] Đang thu thập dữ liệu từ r/Vietnam","chan":"stdout","logger":"processor"}
{"timestamp":"2025-08-23T17:02:49.604912Z","level":"info","event":"[ERROR] Lỗi khi thu thập dữ liệu từ r/Vietnam: received 401 HTTP response","chan":"stdout","logger":"processor"}
{"timestamp":"2025-08-23T17:02:49.605600Z","level":"info","event":"[INFO] Đang thu thập dữ liệu từ r/technology","chan":"stdout","logger":"processor"}
{"timestamp":"2025-08-23T17:02:50.040531Z","level":"info","event":"[ERROR] Lỗi khi thu thập dữ liệu từ r/technology: received 401 HTTP response","chan":"stdout","logger":"processor"}
{"timestamp":"2025-08-23T17:02:50.055533Z","level":"info","event":"[INFO] Đang thu thập dữ liệu từ r/worldnews","chan":"stdout","logger":"processor"}
{"timestamp":"2025-08-23T17:02:50.550594Z","level":"info","event":"[ERROR] Lỗi khi thu thập dữ liệu từ r/worldnews: received 401 HTTP response","chan":"stdout","logger":"processor"}
{"timestamp":"2025-08-23T17:02:50.563864Z","level":"info","event":"[INFO] Đang thu thập dữ liệu từ r/science","chan":"stdout","logger":"processor"}
{"timestamp":"2025-08-23T17:02:50.941412Z","level":"info","event":"[ERROR] Lỗi khi thu thập dữ liệu từ r/science: received 401 HTTP response","chan":"stdout","logger":"processor"}
{"timestamp":"2025-08-23T17:02:50.961584Z","level":"info","event":"[INFO] Dữ liệu đã được lưu tạm vào /opt/airflow/src/tmp/temp_ingest_data.json","chan":"stdout","logger":"processor"}
{"timestamp":"2025-08-23T17:02:50.949818","level":"error","event":"Failed to import: /opt/airflow/dags/reddit_sentiment_dag.py","logger":"airflow.models.dagbag.DagBag","error_detail":[{"exc_type":"TypeError","exc_value":"missing keyword argument 'python_callable'","exc_notes":[],"syntax_error":null,"is_cause":false,"frames":[{"filename":"/home/airflow/.local/lib/python3.12/site-packages/airflow/models/dagbag.py","lineno":394,"name":"parse"},{"filename":"<frozen importlib._bootstrap_external>","lineno":999,"name":"exec_module"},{"filename":"<frozen importlib._bootstrap>","lineno":488,"name":"_call_with_frames_removed"},{"filename":"/opt/airflow/dags/reddit_sentiment_dag.py","lineno":36,"name":"<module>"},{"filename":"/home/airflow/.local/lib/python3.12/site-packages/airflow/sdk/bases/operator.py","lineno":485,"name":"apply_defaults"}],"is_group":false,"exceptions":[]}]}
{"timestamp":"2025-08-23T17:03:03.346337","level":"info","event":"Filling up the DagBag from /opt/airflow/dags/reddit_sentiment_dag.py","logger":"airflow.models.dagbag.DagBag"}
{"timestamp":"2025-08-23T17:03:03.705764Z","level":"info","event":"[INFO] Đang thu thập dữ liệu từ r/Vietnam","chan":"stdout","logger":"processor"}
{"timestamp":"2025-08-23T17:03:04.177765Z","level":"info","event":"[ERROR] Lỗi khi thu thập dữ liệu từ r/Vietnam: received 401 HTTP response","chan":"stdout","logger":"processor"}
{"timestamp":"2025-08-23T17:03:04.191143Z","level":"info","event":"[INFO] Đang thu thập dữ liệu từ r/technology","chan":"stdout","logger":"processor"}
{"timestamp":"2025-08-23T17:03:04.561724Z","level":"info","event":"[ERROR] Lỗi khi thu thập dữ liệu từ r/technology: received 401 HTTP response","chan":"stdout","logger":"processor"}
{"timestamp":"2025-08-23T17:03:04.572056Z","level":"info","event":"[INFO] Đang thu thập dữ liệu từ r/worldnews","chan":"stdout","logger":"processor"}
{"timestamp":"2025-08-23T17:03:04.975012Z","level":"info","event":"[ERROR] Lỗi khi thu thập dữ liệu từ r/worldnews: received 401 HTTP response","chan":"stdout","logger":"processor"}
{"timestamp":"2025-08-23T17:03:04.975935Z","level":"info","event":"[INFO] Đang thu thập dữ liệu từ r/science","chan":"stdout","logger":"processor"}
{"timestamp":"2025-08-23T17:03:05.373657Z","level":"info","event":"[ERROR] Lỗi khi thu thập dữ liệu từ r/science: received 401 HTTP response","chan":"stdout","logger":"processor"}
{"timestamp":"2025-08-23T17:03:05.385077Z","level":"info","event":"[INFO] Dữ liệu đã được lưu tạm vào /opt/airflow/src/tmp/temp_ingest_data.json","chan":"stdout","logger":"processor"}
{"timestamp":"2025-08-23T17:03:05.383641","level":"error","event":"Failed to import: /opt/airflow/dags/reddit_sentiment_dag.py","logger":"airflow.models.dagbag.DagBag","error_detail":[{"exc_type":"AirflowException","exc_value":"`python_callable` param must be callable","exc_notes":[],"syntax_error":null,"is_cause":false,"frames":[{"filename":"/home/airflow/.local/lib/python3.12/site-packages/airflow/models/dagbag.py","lineno":394,"name":"parse"},{"filename":"<frozen importlib._bootstrap_external>","lineno":999,"name":"exec_module"},{"filename":"<frozen importlib._bootstrap>","lineno":488,"name":"_call_with_frames_removed"},{"filename":"/opt/airflow/dags/reddit_sentiment_dag.py","lineno":36,"name":"<module>"},{"filename":"/home/airflow/.local/lib/python3.12/site-packages/airflow/sdk/bases/operator.py","lineno":502,"name":"apply_defaults"},{"filename":"/home/airflow/.local/lib/python3.12/site-packages/airflow/providers/standard/operators/python.py","lineno":189,"name":"__init__"}],"is_group":false,"exceptions":[]}]}
{"timestamp":"2025-08-23T17:03:35.914800","level":"info","event":"Filling up the DagBag from /opt/airflow/dags/reddit_sentiment_dag.py","logger":"airflow.models.dagbag.DagBag"}
{"timestamp":"2025-08-23T17:03:36.241056Z","level":"info","event":"[INFO] Đang thu thập dữ liệu từ r/Vietnam","chan":"stdout","logger":"processor"}
{"timestamp":"2025-08-23T17:03:36.736828Z","level":"info","event":"[ERROR] Lỗi khi thu thập dữ liệu từ r/Vietnam: received 401 HTTP response","chan":"stdout","logger":"processor"}
{"timestamp":"2025-08-23T17:03:36.737797Z","level":"info","event":"[INFO] Đang thu thập dữ liệu từ r/technology","chan":"stdout","logger":"processor"}
{"timestamp":"2025-08-23T17:03:37.144325Z","level":"info","event":"[ERROR] Lỗi khi thu thập dữ liệu từ r/technology: received 401 HTTP response","chan":"stdout","logger":"processor"}
{"timestamp":"2025-08-23T17:03:37.155800Z","level":"info","event":"[INFO] Đang thu thập dữ liệu từ r/worldnews","chan":"stdout","logger":"processor"}
{"timestamp":"2025-08-23T17:03:37.556090Z","level":"info","event":"[ERROR] Lỗi khi thu thập dữ liệu từ r/worldnews: received 401 HTTP response","chan":"stdout","logger":"processor"}
{"timestamp":"2025-08-23T17:03:37.568690Z","level":"info","event":"[INFO] Đang thu thập dữ liệu từ r/science","chan":"stdout","logger":"processor"}
{"timestamp":"2025-08-23T17:03:37.957513Z","level":"info","event":"[ERROR] Lỗi khi thu thập dữ liệu từ r/science: received 401 HTTP response","chan":"stdout","logger":"processor"}
{"timestamp":"2025-08-23T17:03:37.973847Z","level":"info","event":"[INFO] Dữ liệu đã được lưu tạm vào /opt/airflow/src/tmp/temp_ingest_data.json","chan":"stdout","logger":"processor"}
{"timestamp":"2025-08-23T17:03:37.969017","level":"error","event":"Failed to import: /opt/airflow/dags/reddit_sentiment_dag.py","logger":"airflow.models.dagbag.DagBag","error_detail":[{"exc_type":"AirflowException","exc_value":"`python_callable` param must be callable","exc_notes":[],"syntax_error":null,"is_cause":false,"frames":[{"filename":"/home/airflow/.local/lib/python3.12/site-packages/airflow/models/dagbag.py","lineno":394,"name":"parse"},{"filename":"<frozen importlib._bootstrap_external>","lineno":999,"name":"exec_module"},{"filename":"<frozen importlib._bootstrap>","lineno":488,"name":"_call_with_frames_removed"},{"filename":"/opt/airflow/dags/reddit_sentiment_dag.py","lineno":36,"name":"<module>"},{"filename":"/home/airflow/.local/lib/python3.12/site-packages/airflow/sdk/bases/operator.py","lineno":502,"name":"apply_defaults"},{"filename":"/home/airflow/.local/lib/python3.12/site-packages/airflow/providers/standard/operators/python.py","lineno":189,"name":"__init__"}],"is_group":false,"exceptions":[]}]}
{"timestamp":"2025-08-23T17:04:02.397009","level":"info","event":"Filling up the DagBag from /opt/airflow/dags/reddit_sentiment_dag.py","logger":"airflow.models.dagbag.DagBag"}
{"timestamp":"2025-08-23T17:04:33.283117","level":"info","event":"Filling up the DagBag from /opt/airflow/dags/reddit_sentiment_dag.py","logger":"airflow.models.dagbag.DagBag"}
{"timestamp":"2025-08-23T17:05:04.394358","level":"info","event":"Filling up the DagBag from /opt/airflow/dags/reddit_sentiment_dag.py","logger":"airflow.models.dagbag.DagBag"}
{"timestamp":"2025-08-23T17:05:35.438337","level":"info","event":"Filling up the DagBag from /opt/airflow/dags/reddit_sentiment_dag.py","logger":"airflow.models.dagbag.DagBag"}
{"timestamp":"2025-08-23T17:06:06.372105","level":"info","event":"Filling up the DagBag from /opt/airflow/dags/reddit_sentiment_dag.py","logger":"airflow.models.dagbag.DagBag"}
{"timestamp":"2025-08-23T17:06:37.381891","level":"info","event":"Filling up the DagBag from /opt/airflow/dags/reddit_sentiment_dag.py","logger":"airflow.models.dagbag.DagBag"}
{"timestamp":"2025-08-23T17:07:08.590232","level":"info","event":"Filling up the DagBag from /opt/airflow/dags/reddit_sentiment_dag.py","logger":"airflow.models.dagbag.DagBag"}
{"timestamp":"2025-08-23T17:07:39.675994","level":"info","event":"Filling up the DagBag from /opt/airflow/dags/reddit_sentiment_dag.py","logger":"airflow.models.dagbag.DagBag"}
{"timestamp":"2025-08-23T17:08:10.645436","level":"info","event":"Filling up the DagBag from /opt/airflow/dags/reddit_sentiment_dag.py","logger":"airflow.models.dagbag.DagBag"}
{"timestamp":"2025-08-23T17:08:41.823503","level":"info","event":"Filling up the DagBag from /opt/airflow/dags/reddit_sentiment_dag.py","logger":"airflow.models.dagbag.DagBag"}
{"timestamp":"2025-08-23T17:09:12.890078","level":"info","event":"Filling up the DagBag from /opt/airflow/dags/reddit_sentiment_dag.py","logger":"airflow.models.dagbag.DagBag"}
{"timestamp":"2025-08-23T17:09:43.823075","level":"info","event":"Filling up the DagBag from /opt/airflow/dags/reddit_sentiment_dag.py","logger":"airflow.models.dagbag.DagBag"}
{"timestamp":"2025-08-23T17:10:15.053976","level":"info","event":"Filling up the DagBag from /opt/airflow/dags/reddit_sentiment_dag.py","logger":"airflow.models.dagbag.DagBag"}
{"timestamp":"2025-08-23T17:10:46.229239","level":"info","event":"Filling up the DagBag from /opt/airflow/dags/reddit_sentiment_dag.py","logger":"airflow.models.dagbag.DagBag"}
{"timestamp":"2025-08-23T17:11:17.248894","level":"info","event":"Filling up the DagBag from /opt/airflow/dags/reddit_sentiment_dag.py","logger":"airflow.models.dagbag.DagBag"}
{"timestamp":"2025-08-23T17:11:48.269457","level":"info","event":"Filling up the DagBag from /opt/airflow/dags/reddit_sentiment_dag.py","logger":"airflow.models.dagbag.DagBag"}
{"timestamp":"2025-08-23T17:12:19.483259","level":"info","event":"Filling up the DagBag from /opt/airflow/dags/reddit_sentiment_dag.py","logger":"airflow.models.dagbag.DagBag"}
{"timestamp":"2025-08-23T17:12:50.604901","level":"info","event":"Filling up the DagBag from /opt/airflow/dags/reddit_sentiment_dag.py","logger":"airflow.models.dagbag.DagBag"}
{"timestamp":"2025-08-23T17:13:21.761915","level":"info","event":"Filling up the DagBag from /opt/airflow/dags/reddit_sentiment_dag.py","logger":"airflow.models.dagbag.DagBag"}
{"timestamp":"2025-08-23T17:13:52.784127","level":"info","event":"Filling up the DagBag from /opt/airflow/dags/reddit_sentiment_dag.py","logger":"airflow.models.dagbag.DagBag"}
{"timestamp":"2025-08-23T17:14:23.695295","level":"info","event":"Filling up the DagBag from /opt/airflow/dags/reddit_sentiment_dag.py","logger":"airflow.models.dagbag.DagBag"}
{"timestamp":"2025-08-23T17:14:54.653456","level":"info","event":"Filling up the DagBag from /opt/airflow/dags/reddit_sentiment_dag.py","logger":"airflow.models.dagbag.DagBag"}
{"timestamp":"2025-08-23T17:15:25.693004","level":"info","event":"Filling up the DagBag from /opt/airflow/dags/reddit_sentiment_dag.py","logger":"airflow.models.dagbag.DagBag"}
{"timestamp":"2025-08-23T17:15:56.797785","level":"info","event":"Filling up the DagBag from /opt/airflow/dags/reddit_sentiment_dag.py","logger":"airflow.models.dagbag.DagBag"}
{"timestamp":"2025-08-23T17:16:27.835498","level":"info","event":"Filling up the DagBag from /opt/airflow/dags/reddit_sentiment_dag.py","logger":"airflow.models.dagbag.DagBag"}
{"timestamp":"2025-08-23T17:16:58.795783","level":"info","event":"Filling up the DagBag from /opt/airflow/dags/reddit_sentiment_dag.py","logger":"airflow.models.dagbag.DagBag"}
{"timestamp":"2025-08-23T17:17:29.840165","level":"info","event":"Filling up the DagBag from /opt/airflow/dags/reddit_sentiment_dag.py","logger":"airflow.models.dagbag.DagBag"}
{"timestamp":"2025-08-23T17:18:00.859552","level":"info","event":"Filling up the DagBag from /opt/airflow/dags/reddit_sentiment_dag.py","logger":"airflow.models.dagbag.DagBag"}
{"timestamp":"2025-08-23T17:18:31.820882","level":"info","event":"Filling up the DagBag from /opt/airflow/dags/reddit_sentiment_dag.py","logger":"airflow.models.dagbag.DagBag"}
{"timestamp":"2025-08-23T17:19:02.885868","level":"info","event":"Filling up the DagBag from /opt/airflow/dags/reddit_sentiment_dag.py","logger":"airflow.models.dagbag.DagBag"}
{"timestamp":"2025-08-23T17:19:33.956154","level":"info","event":"Filling up the DagBag from /opt/airflow/dags/reddit_sentiment_dag.py","logger":"airflow.models.dagbag.DagBag"}
{"timestamp":"2025-08-23T17:20:04.975120","level":"info","event":"Filling up the DagBag from /opt/airflow/dags/reddit_sentiment_dag.py","logger":"airflow.models.dagbag.DagBag"}
{"timestamp":"2025-08-23T17:20:35.851394","level":"info","event":"Filling up the DagBag from /opt/airflow/dags/reddit_sentiment_dag.py","logger":"airflow.models.dagbag.DagBag"}
{"timestamp":"2025-08-23T17:21:06.898393","level":"info","event":"Filling up the DagBag from /opt/airflow/dags/reddit_sentiment_dag.py","logger":"airflow.models.dagbag.DagBag"}
{"timestamp":"2025-08-23T17:21:37.838540","level":"info","event":"Filling up the DagBag from /opt/airflow/dags/reddit_sentiment_dag.py","logger":"airflow.models.dagbag.DagBag"}
{"timestamp":"2025-08-23T17:22:08.846916","level":"info","event":"Filling up the DagBag from /opt/airflow/dags/reddit_sentiment_dag.py","logger":"airflow.models.dagbag.DagBag"}
{"timestamp":"2025-08-23T17:22:39.912703","level":"info","event":"Filling up the DagBag from /opt/airflow/dags/reddit_sentiment_dag.py","logger":"airflow.models.dagbag.DagBag"}
{"timestamp":"2025-08-23T17:23:11.063301","level":"info","event":"Filling up the DagBag from /opt/airflow/dags/reddit_sentiment_dag.py","logger":"airflow.models.dagbag.DagBag"}
{"timestamp":"2025-08-23T17:23:41.909643","level":"info","event":"Filling up the DagBag from /opt/airflow/dags/reddit_sentiment_dag.py","logger":"airflow.models.dagbag.DagBag"}
{"timestamp":"2025-08-23T17:24:12.778957","level":"info","event":"Filling up the DagBag from /opt/airflow/dags/reddit_sentiment_dag.py","logger":"airflow.models.dagbag.DagBag"}
{"timestamp":"2025-08-23T17:24:43.610262","level":"info","event":"Filling up the DagBag from /opt/airflow/dags/reddit_sentiment_dag.py","logger":"airflow.models.dagbag.DagBag"}
{"timestamp":"2025-08-23T17:25:14.498320","level":"info","event":"Filling up the DagBag from /opt/airflow/dags/reddit_sentiment_dag.py","logger":"airflow.models.dagbag.DagBag"}
{"timestamp":"2025-08-23T17:25:45.340275","level":"info","event":"Filling up the DagBag from /opt/airflow/dags/reddit_sentiment_dag.py","logger":"airflow.models.dagbag.DagBag"}
{"timestamp":"2025-08-23T17:26:16.466765","level":"info","event":"Filling up the DagBag from /opt/airflow/dags/reddit_sentiment_dag.py","logger":"airflow.models.dagbag.DagBag"}
{"timestamp":"2025-08-23T17:26:47.405883","level":"info","event":"Filling up the DagBag from /opt/airflow/dags/reddit_sentiment_dag.py","logger":"airflow.models.dagbag.DagBag"}
{"timestamp":"2025-08-23T17:27:18.430408","level":"info","event":"Filling up the DagBag from /opt/airflow/dags/reddit_sentiment_dag.py","logger":"airflow.models.dagbag.DagBag"}
{"timestamp":"2025-08-23T17:27:49.372964","level":"info","event":"Filling up the DagBag from /opt/airflow/dags/reddit_sentiment_dag.py","logger":"airflow.models.dagbag.DagBag"}
{"timestamp":"2025-08-23T17:28:20.395163","level":"info","event":"Filling up the DagBag from /opt/airflow/dags/reddit_sentiment_dag.py","logger":"airflow.models.dagbag.DagBag"}
{"timestamp":"2025-08-23T17:28:51.347292","level":"info","event":"Filling up the DagBag from /opt/airflow/dags/reddit_sentiment_dag.py","logger":"airflow.models.dagbag.DagBag"}
{"timestamp":"2025-08-23T17:29:22.310572","level":"info","event":"Filling up the DagBag from /opt/airflow/dags/reddit_sentiment_dag.py","logger":"airflow.models.dagbag.DagBag"}
{"timestamp":"2025-08-23T17:29:53.411068","level":"info","event":"Filling up the DagBag from /opt/airflow/dags/reddit_sentiment_dag.py","logger":"airflow.models.dagbag.DagBag"}
{"timestamp":"2025-08-23T17:30:24.487879","level":"info","event":"Filling up the DagBag from /opt/airflow/dags/reddit_sentiment_dag.py","logger":"airflow.models.dagbag.DagBag"}
{"timestamp":"2025-08-23T17:30:55.387094","level":"info","event":"Filling up the DagBag from /opt/airflow/dags/reddit_sentiment_dag.py","logger":"airflow.models.dagbag.DagBag"}
{"timestamp":"2025-08-23T17:31:26.271767","level":"info","event":"Filling up the DagBag from /opt/airflow/dags/reddit_sentiment_dag.py","logger":"airflow.models.dagbag.DagBag"}
{"timestamp":"2025-08-23T17:31:57.131025","level":"info","event":"Filling up the DagBag from /opt/airflow/dags/reddit_sentiment_dag.py","logger":"airflow.models.dagbag.DagBag"}
{"timestamp":"2025-08-23T17:32:28.056218","level":"info","event":"Filling up the DagBag from /opt/airflow/dags/reddit_sentiment_dag.py","logger":"airflow.models.dagbag.DagBag"}
{"timestamp":"2025-08-23T17:32:59.113178","level":"info","event":"Filling up the DagBag from /opt/airflow/dags/reddit_sentiment_dag.py","logger":"airflow.models.dagbag.DagBag"}
{"timestamp":"2025-08-23T17:33:30.103502","level":"info","event":"Filling up the DagBag from /opt/airflow/dags/reddit_sentiment_dag.py","logger":"airflow.models.dagbag.DagBag"}
{"timestamp":"2025-08-23T17:34:01.021920","level":"info","event":"Filling up the DagBag from /opt/airflow/dags/reddit_sentiment_dag.py","logger":"airflow.models.dagbag.DagBag"}
{"timestamp":"2025-08-23T17:34:32.098018","level":"info","event":"Filling up the DagBag from /opt/airflow/dags/reddit_sentiment_dag.py","logger":"airflow.models.dagbag.DagBag"}
{"timestamp":"2025-08-23T17:35:03.288920","level":"info","event":"Filling up the DagBag from /opt/airflow/dags/reddit_sentiment_dag.py","logger":"airflow.models.dagbag.DagBag"}
{"timestamp":"2025-08-23T17:35:34.500529","level":"info","event":"Filling up the DagBag from /opt/airflow/dags/reddit_sentiment_dag.py","logger":"airflow.models.dagbag.DagBag"}
{"timestamp":"2025-08-23T17:36:05.584444","level":"info","event":"Filling up the DagBag from /opt/airflow/dags/reddit_sentiment_dag.py","logger":"airflow.models.dagbag.DagBag"}
{"timestamp":"2025-08-23T17:36:36.597518","level":"info","event":"Filling up the DagBag from /opt/airflow/dags/reddit_sentiment_dag.py","logger":"airflow.models.dagbag.DagBag"}
{"timestamp":"2025-08-23T17:37:07.526454","level":"info","event":"Filling up the DagBag from /opt/airflow/dags/reddit_sentiment_dag.py","logger":"airflow.models.dagbag.DagBag"}
{"timestamp":"2025-08-23T17:37:38.476811","level":"info","event":"Filling up the DagBag from /opt/airflow/dags/reddit_sentiment_dag.py","logger":"airflow.models.dagbag.DagBag"}
{"timestamp":"2025-08-23T17:38:09.427418","level":"info","event":"Filling up the DagBag from /opt/airflow/dags/reddit_sentiment_dag.py","logger":"airflow.models.dagbag.DagBag"}
{"timestamp":"2025-08-23T17:38:40.366551","level":"info","event":"Filling up the DagBag from /opt/airflow/dags/reddit_sentiment_dag.py","logger":"airflow.models.dagbag.DagBag"}
{"timestamp":"2025-08-23T17:39:11.285618","level":"info","event":"Filling up the DagBag from /opt/airflow/dags/reddit_sentiment_dag.py","logger":"airflow.models.dagbag.DagBag"}
{"timestamp":"2025-08-23T17:39:42.388579","level":"info","event":"Filling up the DagBag from /opt/airflow/dags/reddit_sentiment_dag.py","logger":"airflow.models.dagbag.DagBag"}
{"timestamp":"2025-08-23T17:40:13.501109","level":"info","event":"Filling up the DagBag from /opt/airflow/dags/reddit_sentiment_dag.py","logger":"airflow.models.dagbag.DagBag"}
{"timestamp":"2025-08-23T17:40:44.374257","level":"info","event":"Filling up the DagBag from /opt/airflow/dags/reddit_sentiment_dag.py","logger":"airflow.models.dagbag.DagBag"}
{"timestamp":"2025-08-23T17:41:15.232629","level":"info","event":"Filling up the DagBag from /opt/airflow/dags/reddit_sentiment_dag.py","logger":"airflow.models.dagbag.DagBag"}
{"timestamp":"2025-08-23T17:41:46.312856","level":"info","event":"Filling up the DagBag from /opt/airflow/dags/reddit_sentiment_dag.py","logger":"airflow.models.dagbag.DagBag"}
{"timestamp":"2025-08-23T17:42:17.356766","level":"info","event":"Filling up the DagBag from /opt/airflow/dags/reddit_sentiment_dag.py","logger":"airflow.models.dagbag.DagBag"}
{"timestamp":"2025-08-23T17:42:48.373060","level":"info","event":"Filling up the DagBag from /opt/airflow/dags/reddit_sentiment_dag.py","logger":"airflow.models.dagbag.DagBag"}
{"timestamp":"2025-08-23T17:43:19.414378","level":"info","event":"Filling up the DagBag from /opt/airflow/dags/reddit_sentiment_dag.py","logger":"airflow.models.dagbag.DagBag"}
{"timestamp":"2025-08-23T17:43:50.358934","level":"info","event":"Filling up the DagBag from /opt/airflow/dags/reddit_sentiment_dag.py","logger":"airflow.models.dagbag.DagBag"}
{"timestamp":"2025-08-23T17:44:21.325187","level":"info","event":"Filling up the DagBag from /opt/airflow/dags/reddit_sentiment_dag.py","logger":"airflow.models.dagbag.DagBag"}
{"timestamp":"2025-08-23T17:44:52.309943","level":"info","event":"Filling up the DagBag from /opt/airflow/dags/reddit_sentiment_dag.py","logger":"airflow.models.dagbag.DagBag"}
{"timestamp":"2025-08-23T17:45:23.211324","level":"info","event":"Filling up the DagBag from /opt/airflow/dags/reddit_sentiment_dag.py","logger":"airflow.models.dagbag.DagBag"}
{"timestamp":"2025-08-23T17:45:54.115159","level":"info","event":"Filling up the DagBag from /opt/airflow/dags/reddit_sentiment_dag.py","logger":"airflow.models.dagbag.DagBag"}
{"timestamp":"2025-08-23T17:46:25.161165","level":"info","event":"Filling up the DagBag from /opt/airflow/dags/reddit_sentiment_dag.py","logger":"airflow.models.dagbag.DagBag"}
{"timestamp":"2025-08-23T17:46:56.226106","level":"info","event":"Filling up the DagBag from /opt/airflow/dags/reddit_sentiment_dag.py","logger":"airflow.models.dagbag.DagBag"}
{"timestamp":"2025-08-23T17:47:27.277033","level":"info","event":"Filling up the DagBag from /opt/airflow/dags/reddit_sentiment_dag.py","logger":"airflow.models.dagbag.DagBag"}
{"timestamp":"2025-08-23T17:47:58.172079","level":"info","event":"Filling up the DagBag from /opt/airflow/dags/reddit_sentiment_dag.py","logger":"airflow.models.dagbag.DagBag"}
{"timestamp":"2025-08-23T17:48:29.042107","level":"info","event":"Filling up the DagBag from /opt/airflow/dags/reddit_sentiment_dag.py","logger":"airflow.models.dagbag.DagBag"}
{"timestamp":"2025-08-23T17:48:59.984226","level":"info","event":"Filling up the DagBag from /opt/airflow/dags/reddit_sentiment_dag.py","logger":"airflow.models.dagbag.DagBag"}
{"timestamp":"2025-08-23T17:49:31.087746","level":"info","event":"Filling up the DagBag from /opt/airflow/dags/reddit_sentiment_dag.py","logger":"airflow.models.dagbag.DagBag"}
{"timestamp":"2025-08-23T17:50:02.077807","level":"info","event":"Filling up the DagBag from /opt/airflow/dags/reddit_sentiment_dag.py","logger":"airflow.models.dagbag.DagBag"}
{"timestamp":"2025-08-23T17:50:33.261695","level":"info","event":"Filling up the DagBag from /opt/airflow/dags/reddit_sentiment_dag.py","logger":"airflow.models.dagbag.DagBag"}
{"timestamp":"2025-08-23T17:51:04.168683","level":"info","event":"Filling up the DagBag from /opt/airflow/dags/reddit_sentiment_dag.py","logger":"airflow.models.dagbag.DagBag"}
{"timestamp":"2025-08-23T17:51:35.065837","level":"info","event":"Filling up the DagBag from /opt/airflow/dags/reddit_sentiment_dag.py","logger":"airflow.models.dagbag.DagBag"}
{"timestamp":"2025-08-23T17:52:06.014118","level":"info","event":"Filling up the DagBag from /opt/airflow/dags/reddit_sentiment_dag.py","logger":"airflow.models.dagbag.DagBag"}
{"timestamp":"2025-08-23T17:52:37.012431","level":"info","event":"Filling up the DagBag from /opt/airflow/dags/reddit_sentiment_dag.py","logger":"airflow.models.dagbag.DagBag"}
{"timestamp":"2025-08-23T17:53:08.095337","level":"info","event":"Filling up the DagBag from /opt/airflow/dags/reddit_sentiment_dag.py","logger":"airflow.models.dagbag.DagBag"}
{"timestamp":"2025-08-23T17:53:39.086843","level":"info","event":"Filling up the DagBag from /opt/airflow/dags/reddit_sentiment_dag.py","logger":"airflow.models.dagbag.DagBag"}
{"timestamp":"2025-08-23T17:54:10.077900","level":"info","event":"Filling up the DagBag from /opt/airflow/dags/reddit_sentiment_dag.py","logger":"airflow.models.dagbag.DagBag"}
{"timestamp":"2025-08-23T17:54:41.045231","level":"info","event":"Filling up the DagBag from /opt/airflow/dags/reddit_sentiment_dag.py","logger":"airflow.models.dagbag.DagBag"}
{"timestamp":"2025-08-23T17:55:11.979737","level":"info","event":"Filling up the DagBag from /opt/airflow/dags/reddit_sentiment_dag.py","logger":"airflow.models.dagbag.DagBag"}
{"timestamp":"2025-08-23T17:55:43.045527","level":"info","event":"Filling up the DagBag from /opt/airflow/dags/reddit_sentiment_dag.py","logger":"airflow.models.dagbag.DagBag"}
{"timestamp":"2025-08-23T17:56:14.090859","level":"info","event":"Filling up the DagBag from /opt/airflow/dags/reddit_sentiment_dag.py","logger":"airflow.models.dagbag.DagBag"}
{"timestamp":"2025-08-23T17:56:45.037727","level":"info","event":"Filling up the DagBag from /opt/airflow/dags/reddit_sentiment_dag.py","logger":"airflow.models.dagbag.DagBag"}
{"timestamp":"2025-08-23T17:57:15.974930","level":"info","event":"Filling up the DagBag from /opt/airflow/dags/reddit_sentiment_dag.py","logger":"airflow.models.dagbag.DagBag"}
{"timestamp":"2025-08-23T17:57:46.978777","level":"info","event":"Filling up the DagBag from /opt/airflow/dags/reddit_sentiment_dag.py","logger":"airflow.models.dagbag.DagBag"}
{"timestamp":"2025-08-23T17:58:17.898628","level":"info","event":"Filling up the DagBag from /opt/airflow/dags/reddit_sentiment_dag.py","logger":"airflow.models.dagbag.DagBag"}
{"timestamp":"2025-08-23T17:58:48.903479","level":"info","event":"Filling up the DagBag from /opt/airflow/dags/reddit_sentiment_dag.py","logger":"airflow.models.dagbag.DagBag"}
{"timestamp":"2025-08-23T17:59:19.889113","level":"info","event":"Filling up the DagBag from /opt/airflow/dags/reddit_sentiment_dag.py","logger":"airflow.models.dagbag.DagBag"}
{"timestamp":"2025-08-23T17:59:50.979300","level":"info","event":"Filling up the DagBag from /opt/airflow/dags/reddit_sentiment_dag.py","logger":"airflow.models.dagbag.DagBag"}
{"timestamp":"2025-08-23T18:00:21.976295","level":"info","event":"Filling up the DagBag from /opt/airflow/dags/reddit_sentiment_dag.py","logger":"airflow.models.dagbag.DagBag"}
{"timestamp":"2025-08-23T18:00:53.011826","level":"info","event":"Filling up the DagBag from /opt/airflow/dags/reddit_sentiment_dag.py","logger":"airflow.models.dagbag.DagBag"}
{"timestamp":"2025-08-23T18:01:23.999097","level":"info","event":"Filling up the DagBag from /opt/airflow/dags/reddit_sentiment_dag.py","logger":"airflow.models.dagbag.DagBag"}
{"timestamp":"2025-08-23T18:01:54.928052","level":"info","event":"Filling up the DagBag from /opt/airflow/dags/reddit_sentiment_dag.py","logger":"airflow.models.dagbag.DagBag"}
{"timestamp":"2025-08-23T18:02:25.828617","level":"info","event":"Filling up the DagBag from /opt/airflow/dags/reddit_sentiment_dag.py","logger":"airflow.models.dagbag.DagBag"}
{"timestamp":"2025-08-23T18:02:56.921811","level":"info","event":"Filling up the DagBag from /opt/airflow/dags/reddit_sentiment_dag.py","logger":"airflow.models.dagbag.DagBag"}
{"timestamp":"2025-08-23T18:03:27.838093","level":"info","event":"Filling up the DagBag from /opt/airflow/dags/reddit_sentiment_dag.py","logger":"airflow.models.dagbag.DagBag"}
{"timestamp":"2025-08-23T18:03:58.849760","level":"info","event":"Filling up the DagBag from /opt/airflow/dags/reddit_sentiment_dag.py","logger":"airflow.models.dagbag.DagBag"}
{"timestamp":"2025-08-23T18:04:29.790075","level":"info","event":"Filling up the DagBag from /opt/airflow/dags/reddit_sentiment_dag.py","logger":"airflow.models.dagbag.DagBag"}
{"timestamp":"2025-08-23T18:05:00.678527","level":"info","event":"Filling up the DagBag from /opt/airflow/dags/reddit_sentiment_dag.py","logger":"airflow.models.dagbag.DagBag"}
{"timestamp":"2025-08-23T18:05:31.610370","level":"info","event":"Filling up the DagBag from /opt/airflow/dags/reddit_sentiment_dag.py","logger":"airflow.models.dagbag.DagBag"}
{"timestamp":"2025-08-23T18:06:02.618673","level":"info","event":"Filling up the DagBag from /opt/airflow/dags/reddit_sentiment_dag.py","logger":"airflow.models.dagbag.DagBag"}
{"timestamp":"2025-08-23T18:06:33.633712","level":"info","event":"Filling up the DagBag from /opt/airflow/dags/reddit_sentiment_dag.py","logger":"airflow.models.dagbag.DagBag"}
{"timestamp":"2025-08-23T18:07:04.615381","level":"info","event":"Filling up the DagBag from /opt/airflow/dags/reddit_sentiment_dag.py","logger":"airflow.models.dagbag.DagBag"}
{"timestamp":"2025-08-23T18:07:35.538468","level":"info","event":"Filling up the DagBag from /opt/airflow/dags/reddit_sentiment_dag.py","logger":"airflow.models.dagbag.DagBag"}
{"timestamp":"2025-08-23T18:08:06.542353","level":"info","event":"Filling up the DagBag from /opt/airflow/dags/reddit_sentiment_dag.py","logger":"airflow.models.dagbag.DagBag"}
{"timestamp":"2025-08-23T18:08:37.512266","level":"info","event":"Filling up the DagBag from /opt/airflow/dags/reddit_sentiment_dag.py","logger":"airflow.models.dagbag.DagBag"}
{"timestamp":"2025-08-23T18:09:08.468484","level":"info","event":"Filling up the DagBag from /opt/airflow/dags/reddit_sentiment_dag.py","logger":"airflow.models.dagbag.DagBag"}
{"timestamp":"2025-08-23T18:09:39.755690","level":"info","event":"Filling up the DagBag from /opt/airflow/dags/reddit_sentiment_dag.py","logger":"airflow.models.dagbag.DagBag"}
{"timestamp":"2025-08-23T18:09:41.419219","level":"error","event":"Failed to import: /opt/airflow/dags/reddit_sentiment_dag.py","logger":"airflow.models.dagbag.DagBag","error_detail":[{"exc_type":"InsufficientScope","exc_value":"received 403 HTTP response","exc_notes":[],"syntax_error":null,"is_cause":false,"frames":[{"filename":"/home/airflow/.local/lib/python3.12/site-packages/airflow/models/dagbag.py","lineno":394,"name":"parse"},{"filename":"<frozen importlib._bootstrap_external>","lineno":999,"name":"exec_module"},{"filename":"<frozen importlib._bootstrap>","lineno":488,"name":"_call_with_frames_removed"},{"filename":"/opt/airflow/dags/reddit_sentiment_dag.py","lineno":10,"name":"<module>"},{"filename":"/opt/airflow/src/data_ingestion.py","lineno":5,"name":"<module>"},{"filename":"/opt/airflow/src/reddit_client.py","lineno":18,"name":"<module>"},{"filename":"/opt/airflow/src/reddit_client.py","lineno":15,"name":"test_connection"},{"filename":"/home/airflow/.local/lib/python3.12/site-packages/praw/util/deprecate_args.py","lineno":46,"name":"wrapped"},{"filename":"/home/airflow/.local/lib/python3.12/site-packages/praw/models/user.py","lineno":170,"name":"me"},{"filename":"/home/airflow/.local/lib/python3.12/site-packages/praw/util/deprecate_args.py","lineno":46,"name":"wrapped"},{"filename":"/home/airflow/.local/lib/python3.12/site-packages/praw/reddit.py","lineno":731,"name":"get"},{"filename":"/home/airflow/.local/lib/python3.12/site-packages/praw/reddit.py","lineno":514,"name":"_objectify_request"},{"filename":"/home/airflow/.local/lib/python3.12/site-packages/praw/util/deprecate_args.py","lineno":46,"name":"wrapped"},{"filename":"/home/airflow/.local/lib/python3.12/site-packages/praw/reddit.py","lineno":963,"name":"request"},{"filename":"/home/airflow/.local/lib/python3.12/site-packages/prawcore/sessions.py","lineno":328,"name":"request"},{"filename":"/home/airflow/.local/lib/python3.12/site-packages/prawcore/sessions.py","lineno":267,"name":"_request_with_retries"}],"is_group":false,"exceptions":[]}]}
{"timestamp":"2025-08-23T18:10:11.904597","level":"info","event":"Filling up the DagBag from /opt/airflow/dags/reddit_sentiment_dag.py","logger":"airflow.models.dagbag.DagBag"}
{"timestamp":"2025-08-23T18:10:13.126780","level":"error","event":"Failed to import: /opt/airflow/dags/reddit_sentiment_dag.py","logger":"airflow.models.dagbag.DagBag","error_detail":[{"exc_type":"InsufficientScope","exc_value":"received 403 HTTP response","exc_notes":[],"syntax_error":null,"is_cause":false,"frames":[{"filename":"/home/airflow/.local/lib/python3.12/site-packages/airflow/models/dagbag.py","lineno":394,"name":"parse"},{"filename":"<frozen importlib._bootstrap_external>","lineno":999,"name":"exec_module"},{"filename":"<frozen importlib._bootstrap>","lineno":488,"name":"_call_with_frames_removed"},{"filename":"/opt/airflow/dags/reddit_sentiment_dag.py","lineno":10,"name":"<module>"},{"filename":"/opt/airflow/src/data_ingestion.py","lineno":5,"name":"<module>"},{"filename":"/opt/airflow/src/reddit_client.py","lineno":18,"name":"<module>"},{"filename":"/opt/airflow/src/reddit_client.py","lineno":15,"name":"test_connection"},{"filename":"/home/airflow/.local/lib/python3.12/site-packages/praw/util/deprecate_args.py","lineno":46,"name":"wrapped"},{"filename":"/home/airflow/.local/lib/python3.12/site-packages/praw/models/user.py","lineno":170,"name":"me"},{"filename":"/home/airflow/.local/lib/python3.12/site-packages/praw/util/deprecate_args.py","lineno":46,"name":"wrapped"},{"filename":"/home/airflow/.local/lib/python3.12/site-packages/praw/reddit.py","lineno":731,"name":"get"},{"filename":"/home/airflow/.local/lib/python3.12/site-packages/praw/reddit.py","lineno":514,"name":"_objectify_request"},{"filename":"/home/airflow/.local/lib/python3.12/site-packages/praw/util/deprecate_args.py","lineno":46,"name":"wrapped"},{"filename":"/home/airflow/.local/lib/python3.12/site-packages/praw/reddit.py","lineno":963,"name":"request"},{"filename":"/home/airflow/.local/lib/python3.12/site-packages/prawcore/sessions.py","lineno":328,"name":"request"},{"filename":"/home/airflow/.local/lib/python3.12/site-packages/prawcore/sessions.py","lineno":267,"name":"_request_with_retries"}],"is_group":false,"exceptions":[]}]}
{"timestamp":"2025-08-23T18:10:43.625156","level":"info","event":"Filling up the DagBag from /opt/airflow/dags/reddit_sentiment_dag.py","logger":"airflow.models.dagbag.DagBag"}
{"timestamp":"2025-08-23T18:10:44.779871","level":"error","event":"Failed to import: /opt/airflow/dags/reddit_sentiment_dag.py","logger":"airflow.models.dagbag.DagBag","error_detail":[{"exc_type":"InsufficientScope","exc_value":"received 403 HTTP response","exc_notes":[],"syntax_error":null,"is_cause":false,"frames":[{"filename":"/home/airflow/.local/lib/python3.12/site-packages/airflow/models/dagbag.py","lineno":394,"name":"parse"},{"filename":"<frozen importlib._bootstrap_external>","lineno":999,"name":"exec_module"},{"filename":"<frozen importlib._bootstrap>","lineno":488,"name":"_call_with_frames_removed"},{"filename":"/opt/airflow/dags/reddit_sentiment_dag.py","lineno":10,"name":"<module>"},{"filename":"/opt/airflow/src/data_ingestion.py","lineno":5,"name":"<module>"},{"filename":"/opt/airflow/src/reddit_client.py","lineno":18,"name":"<module>"},{"filename":"/opt/airflow/src/reddit_client.py","lineno":15,"name":"test_connection"},{"filename":"/home/airflow/.local/lib/python3.12/site-packages/praw/util/deprecate_args.py","lineno":46,"name":"wrapped"},{"filename":"/home/airflow/.local/lib/python3.12/site-packages/praw/models/user.py","lineno":170,"name":"me"},{"filename":"/home/airflow/.local/lib/python3.12/site-packages/praw/util/deprecate_args.py","lineno":46,"name":"wrapped"},{"filename":"/home/airflow/.local/lib/python3.12/site-packages/praw/reddit.py","lineno":731,"name":"get"},{"filename":"/home/airflow/.local/lib/python3.12/site-packages/praw/reddit.py","lineno":514,"name":"_objectify_request"},{"filename":"/home/airflow/.local/lib/python3.12/site-packages/praw/util/deprecate_args.py","lineno":46,"name":"wrapped"},{"filename":"/home/airflow/.local/lib/python3.12/site-packages/praw/reddit.py","lineno":963,"name":"request"},{"filename":"/home/airflow/.local/lib/python3.12/site-packages/prawcore/sessions.py","lineno":328,"name":"request"},{"filename":"/home/airflow/.local/lib/python3.12/site-packages/prawcore/sessions.py","lineno":267,"name":"_request_with_retries"}],"is_group":false,"exceptions":[]}]}
{"timestamp":"2025-08-23T18:11:15.248415","level":"info","event":"Filling up the DagBag from /opt/airflow/dags/reddit_sentiment_dag.py","logger":"airflow.models.dagbag.DagBag"}
{"timestamp":"2025-08-23T18:11:16.772748","level":"error","event":"Failed to import: /opt/airflow/dags/reddit_sentiment_dag.py","logger":"airflow.models.dagbag.DagBag","error_detail":[{"exc_type":"InsufficientScope","exc_value":"received 403 HTTP response","exc_notes":[],"syntax_error":null,"is_cause":false,"frames":[{"filename":"/home/airflow/.local/lib/python3.12/site-packages/airflow/models/dagbag.py","lineno":394,"name":"parse"},{"filename":"<frozen importlib._bootstrap_external>","lineno":999,"name":"exec_module"},{"filename":"<frozen importlib._bootstrap>","lineno":488,"name":"_call_with_frames_removed"},{"filename":"/opt/airflow/dags/reddit_sentiment_dag.py","lineno":10,"name":"<module>"},{"filename":"/opt/airflow/src/data_ingestion.py","lineno":5,"name":"<module>"},{"filename":"/opt/airflow/src/reddit_client.py","lineno":18,"name":"<module>"},{"filename":"/opt/airflow/src/reddit_client.py","lineno":15,"name":"test_connection"},{"filename":"/home/airflow/.local/lib/python3.12/site-packages/praw/util/deprecate_args.py","lineno":46,"name":"wrapped"},{"filename":"/home/airflow/.local/lib/python3.12/site-packages/praw/models/user.py","lineno":170,"name":"me"},{"filename":"/home/airflow/.local/lib/python3.12/site-packages/praw/util/deprecate_args.py","lineno":46,"name":"wrapped"},{"filename":"/home/airflow/.local/lib/python3.12/site-packages/praw/reddit.py","lineno":731,"name":"get"},{"filename":"/home/airflow/.local/lib/python3.12/site-packages/praw/reddit.py","lineno":514,"name":"_objectify_request"},{"filename":"/home/airflow/.local/lib/python3.12/site-packages/praw/util/deprecate_args.py","lineno":46,"name":"wrapped"},{"filename":"/home/airflow/.local/lib/python3.12/site-packages/praw/reddit.py","lineno":963,"name":"request"},{"filename":"/home/airflow/.local/lib/python3.12/site-packages/prawcore/sessions.py","lineno":328,"name":"request"},{"filename":"/home/airflow/.local/lib/python3.12/site-packages/prawcore/sessions.py","lineno":267,"name":"_request_with_retries"}],"is_group":false,"exceptions":[]}]}
{"timestamp":"2025-08-23T18:11:47.258880","level":"info","event":"Filling up the DagBag from /opt/airflow/dags/reddit_sentiment_dag.py","logger":"airflow.models.dagbag.DagBag"}
{"timestamp":"2025-08-23T18:11:47.488179Z","level":"info","event":"CLIENT_ID: y4BcQZVJsId3BS2F0IS-Eg","chan":"stdout","logger":"processor"}
{"timestamp":"2025-08-23T18:11:47.488827Z","level":"info","event":"CLIENT_SECRET: vV90KaTFbUzcU9O4NOX7d13DSMesoA","chan":"stdout","logger":"processor"}
{"timestamp":"2025-08-23T18:11:47.489407Z","level":"info","event":"REFRESH_TOKEN: 45371914203181-96ksqHp6u_0wUtIvftY_j6jjqo-IaQ","chan":"stdout","logger":"processor"}
{"timestamp":"2025-08-23T18:12:17.949148","level":"info","event":"Filling up the DagBag from /opt/airflow/dags/reddit_sentiment_dag.py","logger":"airflow.models.dagbag.DagBag"}
{"timestamp":"2025-08-23T18:12:18.164205Z","level":"info","event":"CLIENT_ID: y4BcQZVJsId3BS2F0IS-Eg","chan":"stdout","logger":"processor"}
{"timestamp":"2025-08-23T18:12:18.164715Z","level":"info","event":"CLIENT_SECRET: vV90KaTFbUzcU9O4NOX7d13DSMesoA","chan":"stdout","logger":"processor"}
{"timestamp":"2025-08-23T18:12:18.165150Z","level":"info","event":"REFRESH_TOKEN: 45371914203181-96ksqHp6u_0wUtIvftY_j6jjqo-IaQ","chan":"stdout","logger":"processor"}
{"timestamp":"2025-08-23T18:12:48.677548","level":"info","event":"Filling up the DagBag from /opt/airflow/dags/reddit_sentiment_dag.py","logger":"airflow.models.dagbag.DagBag"}
{"timestamp":"2025-08-23T18:12:48.926732Z","level":"info","event":"CLIENT_ID: y4BcQZVJsId3BS2F0IS-Eg","chan":"stdout","logger":"processor"}
{"timestamp":"2025-08-23T18:12:48.927313Z","level":"info","event":"CLIENT_SECRET: vV90KaTFbUzcU9O4NOX7d13DSMesoA","chan":"stdout","logger":"processor"}
{"timestamp":"2025-08-23T18:12:48.927838Z","level":"info","event":"REFRESH_TOKEN: 45371914203181-96ksqHp6u_0wUtIvftY_j6jjqo-IaQ","chan":"stdout","logger":"processor"}
{"timestamp":"2025-08-23T18:13:19.424818","level":"info","event":"Filling up the DagBag from /opt/airflow/dags/reddit_sentiment_dag.py","logger":"airflow.models.dagbag.DagBag"}
{"timestamp":"2025-08-23T18:13:19.630169Z","level":"info","event":"CLIENT_ID: y4BcQZVJsId3BS2F0IS-Eg","chan":"stdout","logger":"processor"}
{"timestamp":"2025-08-23T18:13:19.630598Z","level":"info","event":"CLIENT_SECRET: vV90KaTFbUzcU9O4NOX7d13DSMesoA","chan":"stdout","logger":"processor"}
{"timestamp":"2025-08-23T18:13:19.630916Z","level":"info","event":"REFRESH_TOKEN: 45371914203181-96ksqHp6u_0wUtIvftY_j6jjqo-IaQ","chan":"stdout","logger":"processor"}
{"timestamp":"2025-08-23T18:13:50.127011","level":"info","event":"Filling up the DagBag from /opt/airflow/dags/reddit_sentiment_dag.py","logger":"airflow.models.dagbag.DagBag"}
{"timestamp":"2025-08-23T18:13:50.419499Z","level":"info","event":"CLIENT_ID: y4BcQZVJsId3BS2F0IS-Eg","chan":"stdout","logger":"processor"}
{"timestamp":"2025-08-23T18:13:50.420321Z","level":"info","event":"CLIENT_SECRET: vV90KaTFbUzcU9O4NOX7d13DSMesoA","chan":"stdout","logger":"processor"}
{"timestamp":"2025-08-23T18:13:50.421020Z","level":"info","event":"REFRESH_TOKEN: 45371914203181-96ksqHp6u_0wUtIvftY_j6jjqo-IaQ","chan":"stdout","logger":"processor"}
{"timestamp":"2025-08-23T18:14:20.994619","level":"info","event":"Filling up the DagBag from /opt/airflow/dags/reddit_sentiment_dag.py","logger":"airflow.models.dagbag.DagBag"}
{"timestamp":"2025-08-23T18:14:21.219110Z","level":"info","event":"CLIENT_ID: y4BcQZVJsId3BS2F0IS-Eg","chan":"stdout","logger":"processor"}
{"timestamp":"2025-08-23T18:14:21.219752Z","level":"info","event":"CLIENT_SECRET: vV90KaTFbUzcU9O4NOX7d13DSMesoA","chan":"stdout","logger":"processor"}
{"timestamp":"2025-08-23T18:14:21.220227Z","level":"info","event":"REFRESH_TOKEN: 45371914203181-96ksqHp6u_0wUtIvftY_j6jjqo-IaQ","chan":"stdout","logger":"processor"}
{"timestamp":"2025-08-23T18:14:51.702349","level":"info","event":"Filling up the DagBag from /opt/airflow/dags/reddit_sentiment_dag.py","logger":"airflow.models.dagbag.DagBag"}
{"timestamp":"2025-08-23T18:14:51.899246Z","level":"info","event":"CLIENT_ID: y4BcQZVJsId3BS2F0IS-Eg","chan":"stdout","logger":"processor"}
{"timestamp":"2025-08-23T18:14:51.899929Z","level":"info","event":"CLIENT_SECRET: vV90KaTFbUzcU9O4NOX7d13DSMesoA","chan":"stdout","logger":"processor"}
{"timestamp":"2025-08-23T18:14:51.900384Z","level":"info","event":"REFRESH_TOKEN: 45371914203181-96ksqHp6u_0wUtIvftY_j6jjqo-IaQ","chan":"stdout","logger":"processor"}
{"timestamp":"2025-08-23T18:15:22.394766","level":"info","event":"Filling up the DagBag from /opt/airflow/dags/reddit_sentiment_dag.py","logger":"airflow.models.dagbag.DagBag"}
{"timestamp":"2025-08-23T18:15:22.607537Z","level":"info","event":"CLIENT_ID: y4BcQZVJsId3BS2F0IS-Eg","chan":"stdout","logger":"processor"}
{"timestamp":"2025-08-23T18:15:22.608327Z","level":"info","event":"CLIENT_SECRET: vV90KaTFbUzcU9O4NOX7d13DSMesoA","chan":"stdout","logger":"processor"}
{"timestamp":"2025-08-23T18:15:22.608809Z","level":"info","event":"REFRESH_TOKEN: 45371914203181-96ksqHp6u_0wUtIvftY_j6jjqo-IaQ","chan":"stdout","logger":"processor"}
{"timestamp":"2025-08-23T18:15:53.132612","level":"info","event":"Filling up the DagBag from /opt/airflow/dags/reddit_sentiment_dag.py","logger":"airflow.models.dagbag.DagBag"}
{"timestamp":"2025-08-23T18:15:53.385598Z","level":"info","event":"CLIENT_ID: y4BcQZVJsId3BS2F0IS-Eg","chan":"stdout","logger":"processor"}
{"timestamp":"2025-08-23T18:15:53.386664Z","level":"info","event":"CLIENT_SECRET: vV90KaTFbUzcU9O4NOX7d13DSMesoA","chan":"stdout","logger":"processor"}
{"timestamp":"2025-08-23T18:15:53.387153Z","level":"info","event":"REFRESH_TOKEN: 45371914203181-96ksqHp6u_0wUtIvftY_j6jjqo-IaQ","chan":"stdout","logger":"processor"}
{"timestamp":"2025-08-23T18:16:23.875379","level":"info","event":"Filling up the DagBag from /opt/airflow/dags/reddit_sentiment_dag.py","logger":"airflow.models.dagbag.DagBag"}
{"timestamp":"2025-08-23T18:16:24.090209Z","level":"info","event":"CLIENT_ID: y4BcQZVJsId3BS2F0IS-Eg","chan":"stdout","logger":"processor"}
{"timestamp":"2025-08-23T18:16:24.090612Z","level":"info","event":"CLIENT_SECRET: vV90KaTFbUzcU9O4NOX7d13DSMesoA","chan":"stdout","logger":"processor"}
{"timestamp":"2025-08-23T18:16:24.090992Z","level":"info","event":"REFRESH_TOKEN: 45371914203181-96ksqHp6u_0wUtIvftY_j6jjqo-IaQ","chan":"stdout","logger":"processor"}
{"timestamp":"2025-08-23T18:16:54.581970","level":"info","event":"Filling up the DagBag from /opt/airflow/dags/reddit_sentiment_dag.py","logger":"airflow.models.dagbag.DagBag"}
{"timestamp":"2025-08-23T18:16:54.789346Z","level":"info","event":"CLIENT_ID: y4BcQZVJsId3BS2F0IS-Eg","chan":"stdout","logger":"processor"}
{"timestamp":"2025-08-23T18:16:54.790191Z","level":"info","event":"CLIENT_SECRET: vV90KaTFbUzcU9O4NOX7d13DSMesoA","chan":"stdout","logger":"processor"}
{"timestamp":"2025-08-23T18:16:54.790624Z","level":"info","event":"REFRESH_TOKEN: 45371914203181-96ksqHp6u_0wUtIvftY_j6jjqo-IaQ","chan":"stdout","logger":"processor"}
{"timestamp":"2025-08-23T18:17:25.321607","level":"info","event":"Filling up the DagBag from /opt/airflow/dags/reddit_sentiment_dag.py","logger":"airflow.models.dagbag.DagBag"}
{"timestamp":"2025-08-23T18:17:25.528378Z","level":"info","event":"CLIENT_ID: y4BcQZVJsId3BS2F0IS-Eg","chan":"stdout","logger":"processor"}
{"timestamp":"2025-08-23T18:17:25.529002Z","level":"info","event":"CLIENT_SECRET: vV90KaTFbUzcU9O4NOX7d13DSMesoA","chan":"stdout","logger":"processor"}
{"timestamp":"2025-08-23T18:17:25.529602Z","level":"info","event":"REFRESH_TOKEN: 45371914203181-96ksqHp6u_0wUtIvftY_j6jjqo-IaQ","chan":"stdout","logger":"processor"}
{"timestamp":"2025-08-23T18:17:56.036878","level":"info","event":"Filling up the DagBag from /opt/airflow/dags/reddit_sentiment_dag.py","logger":"airflow.models.dagbag.DagBag"}
{"timestamp":"2025-08-23T18:17:56.298027Z","level":"info","event":"CLIENT_ID: y4BcQZVJsId3BS2F0IS-Eg","chan":"stdout","logger":"processor"}
{"timestamp":"2025-08-23T18:17:56.298678Z","level":"info","event":"CLIENT_SECRET: vV90KaTFbUzcU9O4NOX7d13DSMesoA","chan":"stdout","logger":"processor"}
{"timestamp":"2025-08-23T18:17:56.299473Z","level":"info","event":"REFRESH_TOKEN: 45371914203181-96ksqHp6u_0wUtIvftY_j6jjqo-IaQ","chan":"stdout","logger":"processor"}
{"timestamp":"2025-08-23T18:18:26.836323","level":"info","event":"Filling up the DagBag from /opt/airflow/dags/reddit_sentiment_dag.py","logger":"airflow.models.dagbag.DagBag"}
{"timestamp":"2025-08-23T18:18:27.035208Z","level":"info","event":"CLIENT_ID: y4BcQZVJsId3BS2F0IS-Eg","chan":"stdout","logger":"processor"}
{"timestamp":"2025-08-23T18:18:27.035733Z","level":"info","event":"CLIENT_SECRET: vV90KaTFbUzcU9O4NOX7d13DSMesoA","chan":"stdout","logger":"processor"}
{"timestamp":"2025-08-23T18:18:27.036132Z","level":"info","event":"REFRESH_TOKEN: 45371914203181-96ksqHp6u_0wUtIvftY_j6jjqo-IaQ","chan":"stdout","logger":"processor"}
{"timestamp":"2025-08-23T18:18:57.572364","level":"info","event":"Filling up the DagBag from /opt/airflow/dags/reddit_sentiment_dag.py","logger":"airflow.models.dagbag.DagBag"}
{"timestamp":"2025-08-23T18:18:57.836761Z","level":"info","event":"CLIENT_ID: y4BcQZVJsId3BS2F0IS-Eg","chan":"stdout","logger":"processor"}
{"timestamp":"2025-08-23T18:18:57.837429Z","level":"info","event":"CLIENT_SECRET: vV90KaTFbUzcU9O4NOX7d13DSMesoA","chan":"stdout","logger":"processor"}
{"timestamp":"2025-08-23T18:18:57.837920Z","level":"info","event":"REFRESH_TOKEN: 45371914203181-96ksqHp6u_0wUtIvftY_j6jjqo-IaQ","chan":"stdout","logger":"processor"}
{"timestamp":"2025-08-23T18:19:28.438279","level":"info","event":"Filling up the DagBag from /opt/airflow/dags/reddit_sentiment_dag.py","logger":"airflow.models.dagbag.DagBag"}
{"timestamp":"2025-08-23T18:19:28.682915Z","level":"info","event":"CLIENT_ID: y4BcQZVJsId3BS2F0IS-Eg","chan":"stdout","logger":"processor"}
{"timestamp":"2025-08-23T18:19:28.683523Z","level":"info","event":"CLIENT_SECRET: vV90KaTFbUzcU9O4NOX7d13DSMesoA","chan":"stdout","logger":"processor"}
{"timestamp":"2025-08-23T18:19:28.684010Z","level":"info","event":"REFRESH_TOKEN: 45371914203181-96ksqHp6u_0wUtIvftY_j6jjqo-IaQ","chan":"stdout","logger":"processor"}
{"timestamp":"2025-08-23T18:19:59.170277","level":"info","event":"Filling up the DagBag from /opt/airflow/dags/reddit_sentiment_dag.py","logger":"airflow.models.dagbag.DagBag"}
{"timestamp":"2025-08-23T18:19:59.401384Z","level":"info","event":"CLIENT_ID: y4BcQZVJsId3BS2F0IS-Eg","chan":"stdout","logger":"processor"}
{"timestamp":"2025-08-23T18:19:59.401879Z","level":"info","event":"CLIENT_SECRET: vV90KaTFbUzcU9O4NOX7d13DSMesoA","chan":"stdout","logger":"processor"}
{"timestamp":"2025-08-23T18:19:59.402363Z","level":"info","event":"REFRESH_TOKEN: 45371914203181-96ksqHp6u_0wUtIvftY_j6jjqo-IaQ","chan":"stdout","logger":"processor"}
{"timestamp":"2025-08-23T18:20:29.903294","level":"info","event":"Filling up the DagBag from /opt/airflow/dags/reddit_sentiment_dag.py","logger":"airflow.models.dagbag.DagBag"}
{"timestamp":"2025-08-23T18:20:30.126532Z","level":"info","event":"CLIENT_ID: y4BcQZVJsId3BS2F0IS-Eg","chan":"stdout","logger":"processor"}
{"timestamp":"2025-08-23T18:20:30.127031Z","level":"info","event":"CLIENT_SECRET: vV90KaTFbUzcU9O4NOX7d13DSMesoA","chan":"stdout","logger":"processor"}
{"timestamp":"2025-08-23T18:20:30.127364Z","level":"info","event":"REFRESH_TOKEN: 45371914203181-96ksqHp6u_0wUtIvftY_j6jjqo-IaQ","chan":"stdout","logger":"processor"}
{"timestamp":"2025-08-23T18:21:00.626282","level":"info","event":"Filling up the DagBag from /opt/airflow/dags/reddit_sentiment_dag.py","logger":"airflow.models.dagbag.DagBag"}
{"timestamp":"2025-08-23T18:21:00.869820Z","level":"info","event":"CLIENT_ID: y4BcQZVJsId3BS2F0IS-Eg","chan":"stdout","logger":"processor"}
{"timestamp":"2025-08-23T18:21:00.870382Z","level":"info","event":"CLIENT_SECRET: vV90KaTFbUzcU9O4NOX7d13DSMesoA","chan":"stdout","logger":"processor"}
{"timestamp":"2025-08-23T18:21:00.870837Z","level":"info","event":"REFRESH_TOKEN: 45371914203181-96ksqHp6u_0wUtIvftY_j6jjqo-IaQ","chan":"stdout","logger":"processor"}
{"timestamp":"2025-08-23T18:21:31.355813","level":"info","event":"Filling up the DagBag from /opt/airflow/dags/reddit_sentiment_dag.py","logger":"airflow.models.dagbag.DagBag"}
{"timestamp":"2025-08-23T18:21:31.549508Z","level":"info","event":"CLIENT_ID: y4BcQZVJsId3BS2F0IS-Eg","chan":"stdout","logger":"processor"}
{"timestamp":"2025-08-23T18:21:31.550139Z","level":"info","event":"CLIENT_SECRET: vV90KaTFbUzcU9O4NOX7d13DSMesoA","chan":"stdout","logger":"processor"}
{"timestamp":"2025-08-23T18:21:31.550539Z","level":"info","event":"REFRESH_TOKEN: 45371914203181-96ksqHp6u_0wUtIvftY_j6jjqo-IaQ","chan":"stdout","logger":"processor"}
{"timestamp":"2025-08-23T18:22:02.100521","level":"info","event":"Filling up the DagBag from /opt/airflow/dags/reddit_sentiment_dag.py","logger":"airflow.models.dagbag.DagBag"}
{"timestamp":"2025-08-23T18:22:02.417720Z","level":"info","event":"CLIENT_ID: y4BcQZVJsId3BS2F0IS-Eg","chan":"stdout","logger":"processor"}
{"timestamp":"2025-08-23T18:22:02.418215Z","level":"info","event":"CLIENT_SECRET: vV90KaTFbUzcU9O4NOX7d13DSMesoA","chan":"stdout","logger":"processor"}
{"timestamp":"2025-08-23T18:22:02.418734Z","level":"info","event":"REFRESH_TOKEN: 45371914203181-96ksqHp6u_0wUtIvftY_j6jjqo-IaQ","chan":"stdout","logger":"processor"}
{"timestamp":"2025-08-23T18:22:32.926306","level":"info","event":"Filling up the DagBag from /opt/airflow/dags/reddit_sentiment_dag.py","logger":"airflow.models.dagbag.DagBag"}
{"timestamp":"2025-08-23T18:22:33.227328Z","level":"info","event":"CLIENT_ID: y4BcQZVJsId3BS2F0IS-Eg","chan":"stdout","logger":"processor"}
{"timestamp":"2025-08-23T18:22:33.227890Z","level":"info","event":"CLIENT_SECRET: vV90KaTFbUzcU9O4NOX7d13DSMesoA","chan":"stdout","logger":"processor"}
{"timestamp":"2025-08-23T18:22:33.228365Z","level":"info","event":"REFRESH_TOKEN: 45371914203181-96ksqHp6u_0wUtIvftY_j6jjqo-IaQ","chan":"stdout","logger":"processor"}
{"timestamp":"2025-08-23T18:23:03.742443","level":"info","event":"Filling up the DagBag from /opt/airflow/dags/reddit_sentiment_dag.py","logger":"airflow.models.dagbag.DagBag"}
{"timestamp":"2025-08-23T18:23:03.922020Z","level":"info","event":"CLIENT_ID: y4BcQZVJsId3BS2F0IS-Eg","chan":"stdout","logger":"processor"}
{"timestamp":"2025-08-23T18:23:03.922611Z","level":"info","event":"CLIENT_SECRET: vV90KaTFbUzcU9O4NOX7d13DSMesoA","chan":"stdout","logger":"processor"}
{"timestamp":"2025-08-23T18:23:03.923179Z","level":"info","event":"REFRESH_TOKEN: 45371914203181-96ksqHp6u_0wUtIvftY_j6jjqo-IaQ","chan":"stdout","logger":"processor"}
{"timestamp":"2025-08-23T18:23:34.423791","level":"info","event":"Filling up the DagBag from /opt/airflow/dags/reddit_sentiment_dag.py","logger":"airflow.models.dagbag.DagBag"}
{"timestamp":"2025-08-23T18:24:05.163487","level":"info","event":"Filling up the DagBag from /opt/airflow/dags/reddit_sentiment_dag.py","logger":"airflow.models.dagbag.DagBag"}
{"timestamp":"2025-08-23T18:24:35.892219","level":"info","event":"Filling up the DagBag from /opt/airflow/dags/reddit_sentiment_dag.py","logger":"airflow.models.dagbag.DagBag"}
{"timestamp":"2025-08-23T18:25:06.686161","level":"info","event":"Filling up the DagBag from /opt/airflow/dags/reddit_sentiment_dag.py","logger":"airflow.models.dagbag.DagBag"}
{"timestamp":"2025-08-23T18:25:37.443503","level":"info","event":"Filling up the DagBag from /opt/airflow/dags/reddit_sentiment_dag.py","logger":"airflow.models.dagbag.DagBag"}
{"timestamp":"2025-08-23T18:26:08.132493","level":"info","event":"Filling up the DagBag from /opt/airflow/dags/reddit_sentiment_dag.py","logger":"airflow.models.dagbag.DagBag"}
{"timestamp":"2025-08-23T18:26:38.820337","level":"info","event":"Filling up the DagBag from /opt/airflow/dags/reddit_sentiment_dag.py","logger":"airflow.models.dagbag.DagBag"}
{"timestamp":"2025-08-23T18:27:09.552263","level":"info","event":"Filling up the DagBag from /opt/airflow/dags/reddit_sentiment_dag.py","logger":"airflow.models.dagbag.DagBag"}
{"timestamp":"2025-08-23T18:27:40.286693","level":"info","event":"Filling up the DagBag from /opt/airflow/dags/reddit_sentiment_dag.py","logger":"airflow.models.dagbag.DagBag"}
{"timestamp":"2025-08-23T18:28:11.078244","level":"info","event":"Filling up the DagBag from /opt/airflow/dags/reddit_sentiment_dag.py","logger":"airflow.models.dagbag.DagBag"}
{"timestamp":"2025-08-23T18:28:41.773104","level":"info","event":"Filling up the DagBag from /opt/airflow/dags/reddit_sentiment_dag.py","logger":"airflow.models.dagbag.DagBag"}
{"timestamp":"2025-08-23T18:29:12.527994","level":"info","event":"Filling up the DagBag from /opt/airflow/dags/reddit_sentiment_dag.py","logger":"airflow.models.dagbag.DagBag"}
{"timestamp":"2025-08-23T18:29:43.236869","level":"info","event":"Filling up the DagBag from /opt/airflow/dags/reddit_sentiment_dag.py","logger":"airflow.models.dagbag.DagBag"}
{"timestamp":"2025-08-23T18:30:13.941327","level":"info","event":"Filling up the DagBag from /opt/airflow/dags/reddit_sentiment_dag.py","logger":"airflow.models.dagbag.DagBag"}
{"timestamp":"2025-08-23T18:30:44.684394","level":"info","event":"Filling up the DagBag from /opt/airflow/dags/reddit_sentiment_dag.py","logger":"airflow.models.dagbag.DagBag"}
{"timestamp":"2025-08-23T18:31:15.418261","level":"info","event":"Filling up the DagBag from /opt/airflow/dags/reddit_sentiment_dag.py","logger":"airflow.models.dagbag.DagBag"}
{"timestamp":"2025-08-23T18:31:46.158528","level":"info","event":"Filling up the DagBag from /opt/airflow/dags/reddit_sentiment_dag.py","logger":"airflow.models.dagbag.DagBag"}
{"timestamp":"2025-08-23T18:32:16.940909","level":"info","event":"Filling up the DagBag from /opt/airflow/dags/reddit_sentiment_dag.py","logger":"airflow.models.dagbag.DagBag"}
{"timestamp":"2025-08-23T18:32:47.621836","level":"info","event":"Filling up the DagBag from /opt/airflow/dags/reddit_sentiment_dag.py","logger":"airflow.models.dagbag.DagBag"}
{"timestamp":"2025-08-23T18:33:18.291590","level":"info","event":"Filling up the DagBag from /opt/airflow/dags/reddit_sentiment_dag.py","logger":"airflow.models.dagbag.DagBag"}
{"timestamp":"2025-08-23T18:33:49.102495","level":"info","event":"Filling up the DagBag from /opt/airflow/dags/reddit_sentiment_dag.py","logger":"airflow.models.dagbag.DagBag"}
{"timestamp":"2025-08-23T18:34:19.871435","level":"info","event":"Filling up the DagBag from /opt/airflow/dags/reddit_sentiment_dag.py","logger":"airflow.models.dagbag.DagBag"}
{"timestamp":"2025-08-23T18:34:50.737132","level":"info","event":"Filling up the DagBag from /opt/airflow/dags/reddit_sentiment_dag.py","logger":"airflow.models.dagbag.DagBag"}
{"timestamp":"2025-08-23T18:35:21.542503","level":"info","event":"Filling up the DagBag from /opt/airflow/dags/reddit_sentiment_dag.py","logger":"airflow.models.dagbag.DagBag"}
{"timestamp":"2025-08-23T18:35:52.231042","level":"info","event":"Filling up the DagBag from /opt/airflow/dags/reddit_sentiment_dag.py","logger":"airflow.models.dagbag.DagBag"}
{"timestamp":"2025-08-23T18:36:22.944733","level":"info","event":"Filling up the DagBag from /opt/airflow/dags/reddit_sentiment_dag.py","logger":"airflow.models.dagbag.DagBag"}
{"timestamp":"2025-08-23T18:36:53.684519","level":"info","event":"Filling up the DagBag from /opt/airflow/dags/reddit_sentiment_dag.py","logger":"airflow.models.dagbag.DagBag"}
{"timestamp":"2025-08-23T18:37:24.401084","level":"info","event":"Filling up the DagBag from /opt/airflow/dags/reddit_sentiment_dag.py","logger":"airflow.models.dagbag.DagBag"}
{"timestamp":"2025-08-23T18:37:55.136905","level":"info","event":"Filling up the DagBag from /opt/airflow/dags/reddit_sentiment_dag.py","logger":"airflow.models.dagbag.DagBag"}
{"timestamp":"2025-08-23T18:38:25.890039","level":"info","event":"Filling up the DagBag from /opt/airflow/dags/reddit_sentiment_dag.py","logger":"airflow.models.dagbag.DagBag"}
{"timestamp":"2025-08-23T18:38:56.597246","level":"info","event":"Filling up the DagBag from /opt/airflow/dags/reddit_sentiment_dag.py","logger":"airflow.models.dagbag.DagBag"}
{"timestamp":"2025-08-23T18:39:27.286267","level":"info","event":"Filling up the DagBag from /opt/airflow/dags/reddit_sentiment_dag.py","logger":"airflow.models.dagbag.DagBag"}
{"timestamp":"2025-08-23T18:39:57.956685","level":"info","event":"Filling up the DagBag from /opt/airflow/dags/reddit_sentiment_dag.py","logger":"airflow.models.dagbag.DagBag"}
{"timestamp":"2025-08-23T18:40:28.700012","level":"info","event":"Filling up the DagBag from /opt/airflow/dags/reddit_sentiment_dag.py","logger":"airflow.models.dagbag.DagBag"}
{"timestamp":"2025-08-23T18:40:59.450815","level":"info","event":"Filling up the DagBag from /opt/airflow/dags/reddit_sentiment_dag.py","logger":"airflow.models.dagbag.DagBag"}
{"timestamp":"2025-08-23T18:41:30.126958","level":"info","event":"Filling up the DagBag from /opt/airflow/dags/reddit_sentiment_dag.py","logger":"airflow.models.dagbag.DagBag"}
{"timestamp":"2025-08-23T18:42:00.880349","level":"info","event":"Filling up the DagBag from /opt/airflow/dags/reddit_sentiment_dag.py","logger":"airflow.models.dagbag.DagBag"}
{"timestamp":"2025-08-23T18:42:31.599643","level":"info","event":"Filling up the DagBag from /opt/airflow/dags/reddit_sentiment_dag.py","logger":"airflow.models.dagbag.DagBag"}
